%!Adobe-FontList 1.23
%Locale:0xc0a

%BeginFont
Handler:DirectoryHandler
FontType:Type1
FontName:MinionPro-Regular
FamilyName:Minion Pro
StyleName:Regular
FullName:Minion Pro
MenuName:Minion Pro
StyleBits:0
WritingScript:Roman
OutlineFileName:C:\Users\belen\Desktop\FIRECHIP\Citychip\press-kit\Catálogo\Catálogo template empaquetado\Document fonts\MinionPro-Regular.otf
DataFormat:sfntData
UsesStandardEncoding:yes
isCFF:yes
hasSVG:no
VariableFontType:NonVariableFont
FileLength:218640
FileModTime:1650325062
WeightClass:400
WidthClass:5
AngleClass:0
DesignSize:110
NameArray:0,Mac,4,Minion Pro
NameArray:0,Win,1,Minion Pro
%EndFont

%BeginFont
Handler:DirectoryHandler
FontType:Type1
FontName:SourceSansVariable-Italic
FamilyName:Source Sans Variable
StyleName:Italic
FullName:Source Sans Variable Italic
MenuName:Source Sans Variable
FamilyPrefix:SourceSansItalic
StyleBits:1
WritingScript:Roman
OutlineFileName:C:\Users\belen\Desktop\FIRECHIP\Citychip\press-kit\Catálogo\Catálogo template empaquetado\Document fonts\SourceSansVariable-Italic.otf
DataFormat:sfntData
UsesStandardEncoding:yes
isCFF:yes
hasSVG:no
VariableFontType:CFF2VariableFont
FileLength:114488
FileModTime:1650325062
WeightClass:200
WidthClass:5
AngleClass:1
DesignSize:100
NameArray:0,Mac,4,Source Sans Variable Italic
NameArray:0,Win,1,Source Sans Variable
%EndFont

%BeginFont
Handler:DirectoryHandler
FontType:Type1
FontName:SourceSansVariable-Roman
FamilyName:Source Sans Variable
StyleName:Roman
FullName:Source Sans Variable
MenuName:Source Sans Variable
FamilyPrefix:SourceSansRoman
StyleBits:0
WritingScript:Roman
OutlineFileName:C:\Users\belen\Desktop\FIRECHIP\Citychip\press-kit\Catálogo\Catálogo template empaquetado\Document fonts\SourceSansVariable-Roman.otf
DataFormat:sfntData
UsesStandardEncoding:yes
isCFF:yes
hasSVG:no
VariableFontType:CFF2VariableFont
FileLength:414588
FileModTime:1650325062
WeightClass:200
WidthClass:5
AngleClass:0
DesignSize:100
NameArray:0,Mac,4,Source Sans Variable
NameArray:0,Win,1,Source Sans Variable
%EndFont

